// Jest Snapshot v1, https://goo.gl/fbAQLP

exports[`NewAdvertPage snapshot NewAdvertPage 1`] = `
<div>
  <nav
    className="navigation"
    id="navbar"
  >
    <div
      className="menu-icon"
    />
    <div
      className="navigation container"
    >
      <div
        className="brand-container"
      >
        <a
          href="/"
          onClick={[Function]}
        >
          <svg
            alt="brand"
            className="brand-img"
          >
            brand.svg
          </svg>
        </a>
      </div>
      <div
        className="nav-options"
      >
        <a
          aria-current={null}
          href="/adverts"
          onClick={[Function]}
        >
          Adverts
        </a>
        <a
          aria-current={null}
          href="/adverts/new"
          onClick={[Function]}
        >
          New Advert
        </a>
        <a
          href="/login"
          onClick={[Function]}
        >
          <button
            className="login-button"
          >
            Login
          </button>
        </a>
      </div>
    </div>
  </nav>
  <div
    className="container"
  >
    <main>
      <section>
        <div
          id="new-advert-page"
        >
          <div
            className="container"
          >
            <div
              className="header"
            >
              <h2>
                NewAdvertPage
              </h2>
            </div>
            <div
              className="body"
            >
              <form
                onSubmit={[Function]}
              >
                <div
                  className="columns"
                >
                  <div
                    className="colum"
                  >
                    <div
                      className="input-container"
                    >
                      <label>
                        Name
                      </label>
                      <input
                        className=""
                        onChange={[Function]}
                        placeholder="name"
                        required={true}
                        type="text"
                        value=""
                      />
                    </div>
                    <div
                      className="input-container"
                    >
                      <label>
                        Price (€)
                      </label>
                      <input
                        className=""
                        onChange={[Function]}
                        placeholder="price"
                        required={true}
                        type="number"
                        value={0}
                      />
                    </div>
                    <div>
                      <div
                        className="input-container"
                      >
                        <label>
                          Type advert: 
                        </label>
                        <input
                          checked={false}
                          name="sale"
                          onChange={[Function]}
                          required={true}
                          type="radio"
                          value="true"
                        />
                        Sale
                        <input
                          checked={false}
                          name="sale"
                          onChange={[Function]}
                          required={true}
                          type="radio"
                          value="false"
                        />
                        Buy
                      </div>
                    </div>
                    <div
                      className="input-container"
                    >
                      <label>
                        Tags: 
                      </label>
                      <ul />
                    </div>
                  </div>
                  <div
                    className="colum"
                  >
                    <div
                      className="input-container"
                    >
                      <label>
                        Image: 
                      </label>
                      <div
                        className="container-input-file"
                      >
                        <h3
                          className="input-file-head"
                        >
                          Add your Image
                        </h3>
                        <div
                          className="img-holder"
                        >
                          <img
                            alt=""
                            className="img"
                            id="img"
                            src="no-image.png"
                          />
                        </div>
                        <input
                          formats="image/*"
                          id="input-file"
                          name="image-upload"
                          onChange={[Function]}
                          type="file"
                        />
                        <div
                          className="input-field-label"
                        >
                          <label
                            className="image-upload"
                            htmlFor="input-file"
                          >
                            Choose your image
                          </label>
                        </div>
                      </div>
                    </div>
                  </div>
                </div>
                <div
                  className="footer"
                >
                  <div>
                    <a
                      href="/"
                      onClick={[Function]}
                    >
                      <button>
                        Cancel
                      </button>
                    </a>
                  </div>
                  <div>
                    <button
                      type="submit"
                    >
                      Create Advert
                    </button>
                  </div>
                </div>
              </form>
            </div>
          </div>
        </div>
      </section>
    </main>
  </div>
  <footer
    id="footer"
  >
    <div
      className="container"
    >
      <div
        className="grid"
      >
        <section
          className="brand"
        >
          <div
            className="brand-container"
          >
            <a
              href="/"
              onClick={[Function]}
            >
              <svg
                alt="brand"
                className="brand-img"
              >
                brand.svg
              </svg>
            </a>
          </div>
          <p
            className="brand-tagline"
          >
            © Todos los derechos reservados
          </p>
        </section>
        <section
          className="links1"
        >
          <nav>
            <ul>
              <li>
                <a
                  href="/404.html"
                  onClick={[Function]}
                >
                  About us
                </a>
              </li>
              <li>
                <a
                  href="/404.html"
                  onClick={[Function]}
                >
                  Contact
                </a>
              </li>
              <li>
                <a
                  href="/404.html"
                  onClick={[Function]}
                >
                  NodePop PRO
                </a>
              </li>
              <li>
                <a
                  href="/404.html"
                  onClick={[Function]}
                >
                  Press
                </a>
              </li>
            </ul>
          </nav>
        </section>
        <section
          className="links2"
        >
          <nav>
            <ul>
              <li>
                <a
                  href="/404.html"
                  onClick={[Function]}
                >
                  Carrers
                </a>
              </li>
              <li>
                <a
                  href="/404.html"
                  onClick={[Function]}
                >
                  Support
                </a>
              </li>
              <li>
                <a
                  href="/404.html"
                  onClick={[Function]}
                >
                  Privacy policy
                </a>
              </li>
              <li>
                <a
                  href="/404.html"
                  onClick={[Function]}
                >
                  Cookies
                </a>
              </li>
            </ul>
          </nav>
        </section>
        <section>
          <p>
            Follow us:
          </p>
          <nav>
            <ul
              className="social-icons"
            >
              <li>
                <a
                  href="https://www.facebook.com/keepcoding.training/"
                >
                  <svg
                    className="social-icon"
                  >
                    icon-facebook.svg
                  </svg>
                </a>
              </li>
              <li>
                <a
                  href="https://www.youtube.com/channel/UCz-oGx94gqD1lICJQZGniLA"
                >
                  <svg
                    className="social-icon"
                  >
                    icon-youtube.svg
                  </svg>
                </a>
              </li>
              <li>
                <a
                  href="https://twitter.com/intent/follow?screen_name=KeepCoding_"
                >
                  <svg
                    className="social-icon"
                  >
                    icon-twitter.svg
                  </svg>
                </a>
              </li>
              <li>
                <a
                  href="https://www.instagram.com/keepcoding_es/?hl=es"
                >
                  <svg
                    className="social-icon"
                  >
                    icon-instagram.svg
                  </svg>
                </a>
              </li>
            </ul>
          </nav>
        </section>
      </div>
    </div>
  </footer>
</div>
`;
